// Jest Snapshot v1, https://goo.gl/fbAQLP

exports[`Error Message renders correctly 1`] = `
<DocumentFragment>
  <div
    class="MuiGrid-root makeStyles-root-1 MuiGrid-container MuiGrid-direction-xs-column MuiGrid-align-items-xs-center MuiGrid-justify-content-xs-center"
  >
    <div
      class="MuiGrid-root MuiGrid-item"
    >
      <p
        class="MuiTypography-root MuiTypography-body2 MuiTypography-colorTextSecondary MuiTypography-alignCenter"
      >
        Test Message
      </p>
    </div>
  </div>
</DocumentFragment>
`;
