// Jest Snapshot v1, https://goo.gl/fbAQLP

exports[`Error Message renders correctly 1`] = `
<DocumentFragment>
  <div
    class="MuiGrid-root makeStyles-root-1 MuiGrid-container MuiGrid-direction-xs-column MuiGrid-align-items-xs-center MuiGrid-justify-content-xs-center"
  >
    <div
      class="MuiGrid-root MuiGrid-item"
    >
      <div
        class="MuiCircularProgress-root MuiCircularProgress-colorPrimary MuiCircularProgress-indeterminate"
        role="progressbar"
        spacing="1"
        style="width: 40px; height: 40px;"
      >
        <svg
          class="MuiCircularProgress-svg"
          viewBox="22 22 44 44"
        >
          <circle
            class="MuiCircularProgress-circle MuiCircularProgress-circleIndeterminate"
            cx="44"
            cy="44"
            fill="none"
            r="20.2"
            stroke-width="3.6"
          />
        </svg>
      </div>
    </div>
  </div>
</DocumentFragment>
`;
