// Jest Snapshot v1, https://goo.gl/fbAQLP

exports[`Snack Bar renders correctly 1`] = `
<DocumentFragment>
  <div
    class="makeStyles-root-1"
  >
    <div
      class="MuiPaper-root MuiSnackbarContent-root makeStyles-snackbar-2 MuiPaper-elevation6"
      open=""
      role="alert"
    >
      <div
        class="MuiSnackbarContent-message"
      >
        Test Message
      </div>
      <div
        class="MuiSnackbarContent-action"
      >
        <button
          class="MuiButtonBase-root MuiButton-root MuiButton-text MuiButton-textSecondary"
          tabindex="0"
          type="button"
        >
          <span
            class="MuiButton-label"
          >
            OK
          </span>
          <span
            class="MuiTouchRipple-root"
          />
        </button>
      </div>
    </div>
  </div>
</DocumentFragment>
`;
